  --> 'be' counted 37 times and 'he' counted 13 times in file.

238.20: Land, he must first be got back into the trench.)
535.46: their way to some other part of the front and be

Check complete

