  --> 'be' counted 173 times and 'he' counted 47 times in file.

 106.56: An explanation of the title of this essay will no doubt be looked for in
 628.23: my list. Though a book be anonymous so far as the title page informs us,
 666.14: should a book be correctly described, but the edition or date and page
 893.15: authorâ€™s name, be frequently found in some other part of the book. It
1282.68: we shall have proper title page information in a proper manner, and be
1287.11: principle, he excluded no book on the ground of unimportance, or
1349.63: published, or forthcoming, and these works themselves must all be looked

Check complete

