Start of Spelling Check

3.16: sd (1)
3.19: asd (1)
3.23: askd (1)

Check complete

