Start of Spelling Check

  18.30: OLPHAR (1)
  18.37: HAMST (1)
  30.29: QUARITCH (1)
 131.55: talismanic (1)
 198.62: secresy (1)
 203.64: Cuttle’s (1)
 206.50: pseudonimity (1)
 234.12: Aikin (2)
 237.15: Circulator (1)
 238.10: Laconics (3)
 247.3:  Quérard’s (2)
 247.20: Littéraire (2)
 248.16: Cornubiensis (3)
 248.32: Boase (2)
 271.30: le (2)
 271.33: meilleur (1)
 271.42: fondment (1)
 271.51: du (3)
 271.54: succès (1)
 272.10: des (3)
 272.14: livres (1)
 272.24: bibliographie (1)
 273.10: bévues (1)
 273.17: du (3)
 273.20: livre (2)
 273.26: intitulé (1)
 273.38: Littérature (1)
 273.50: Française (1)
 274.10: contemporaine (1)
 282.54: Jewett (3)
 338.52: MDCCCXLI (1)
 339.48: Panizzi (2)
 392.3:  unbibliographical (2)
 398.34: Messrs (3)
 400.40: topsy (1)
 400.46: turvy (1)
 421.7:  bibliothecas (3)
 459.50: Autonymous (3)
 460.0:  Polyonymous (3)
 462.3:  Autonymous (3)
 469.3:  Polyonymous (3)
 491.2:  Truewit (3)
 500.36: Quérard’s (2)
 500.47: Supercheries (3)
 500.60: Littéraires (2)
 501.2:  Devoilées (1)
 501.58: Delepierre’s (1)
 502.3:  Supercheries (3)
 502.16: littéraires (1)
 502.41: Londres (1)
 502.50: Trübner (2)
 503.51: Auteurs (2)
 503.59: déguisez (1)
 504.18: Adrien (1)
 504.25: Baillet (2)
 518.56: Audiffredi (2)
 526.2:  Audiffredi’s (1)
 527.34: Bibliothecæ (1)
 527.46: Casanatensis (1)
 527.59: catalogus (1)
 528.2:  librorum (1)
 528.11: typis (1)
 528.17: impressorum (1)
 528.45: Roma (1)
 529.29: xlviii (1)
 534.2:  Dictionnaire (2)
 534.15: des (3)
 534.19: ouvrages (2)
 534.28: anonymes (2)
 534.40: pseudonymes (1)
 556.9:  Halkett (2)
 561.45: Trübner (2)
 593.31: McCulloch (2)
 600.14: pseudonymously (1)
 632.24: autonyms (1)
 674.34: bibliothecas (3)
 683.32: Sylvanus (2)
 683.63: Shoberl (1)
 702.49: XIXth (2)
 705.2:  Dictionnaire (2)
 705.15: des (3)
 705.19: ouvrages (2)
 705.28: anonymes (2)
 705.56: 3e (1)
 774.37: LENNIE (1)
 909.17: bibliothecas (3)
 923.24: decimo (1)
 926.63: demy (1)
 953.2:  Jewett (3)
 954.62: 8vo (2)
 965.2:  Naylor (2)
 969.47: mis (1)
 977.0:  12mo (2)
 997.47: Edmonds (2)
1002.38: corrigenda (1)
1006.42: Timperley (1)
1011.28: pagings (1)
1018.11: arabian (1)
1033.48: unascertainable (1)
1081.54: Cottenham (2)
1084.32: Kinnoull (2)
1090.33: Lyndhurst (1)
1091.0:  Cottenham (2)
1091.55: tuesday (2)
1093.53: Kinnoull (2)
1098.54: tuesday (2)
1128.44: geographica (2)
1128.60: historica (1)
1130.0:  cetera (1)
1130.52: photobibliography (1)
1131.14: GMB (1)
1133.14: Messrs (3)
1133.21: Puttick (1)
1134.0:  Nuggetory (1)
1160.23: Wheatley’s (1)
1178.19: Ayscough (3)
1185.57: Godfrey (2)
1186.11: Anacalypsis (2)
1195.2:  Athenæum (1)
1196.46: Ayscough (3)
1196.61: Cowden (2)
1197.10: Godfrey (2)
1220.12: Wheatley (2)
1257.13: Timperley’s (2)
1259.11: nouvel (1)
1259.28: je (3)
1259.31: le (2)
1259.34: répète (1)
1259.52: d’une (1)
1260.19: inaccoutumée (1)
1260.37: auteurs (1)
1260.45: semblent (1)
1260.54: avoir (1)
1261.10: honte (1)
1261.16: d’avouer (1)
1261.25: les (2)
1261.29: fautes (2)
1261.36: qu’ils (1)
1261.43: ont (1)
1261.47: commises (1)
1261.57: ou (1)
1262.10: qu’on (1)
1262.16: commet (1)
1262.28: eux (1)
1262.33: je (3)
1262.36: n’ai (1)
1262.45: cette (1)
1262.51: pudeur (1)
1263.10: menteuse (1)
1263.20: je (3)
1263.23: confesse (1)
1263.32: les (2)
1263.36: fautes (2)
1263.46: mon (1)
1263.50: livre (2)
1263.60: JAL (1)
1264.10: préface (1)
1264.24: seconde (1)
1264.32: édition (1)
1264.40: du (3)
1264.49: Crit (1)
1265.10: Biographie (1)
1265.24: d’histoire (1)
1280.50: unbibliographical (2)
1287.48: unimportance (1)
1289.11: McCulloch’s (1)
1306.0:  Corney’s (1)
1309.35: Jal (2)
1330.39: Carew (1)
1356.48: Mozley’s (1)
1358.0:  Portman (1)
1376.9:  sm (3)
1378.40: Selwood (1)
1385.57: Whately (2)
1386.51: Flamank (2)
1401.50: Messrs (3)
1425.46: oct (2)
1425.60: dec (1)
1432.47: january (2)
1433.0:  january (2)
1436.34: Marston (1)
1452.59: Edgeworth’s (2)
1480.62: 12mo (2)
1488.56: pseudon (2)
1496.16: Edgeworth’s (2)
1499.20: 18o (2)
1499.45: auton (2)
1502.44: Edgeworth (2)
1512.54: pseudon (2)
1517.14: auton (2)
1538.45: caput (1)
1538.51: mortuum (1)
1559.61: oct (2)
1561.40: 4o (2)
1568.3:  Ailzie (2)
1568.10: Grierson (2)
1568.34: Edin (3)
1568.40: Johnstone (2)
1570.3:  Almeda (3)
1571.0:  Symonds (2)
1575.7:  Almeda (3)
1575.43: Rozelli (2)
1576.42: Biographia (2)
1576.53: Dramatica (3)
1582.6:  Houlston (3)
1590.27: 24o (3)
1597.32: Clapham (1)
1605.40: Duniol (2)
1605.58: Tournon (1)
1626.0:  Groombridge (3)
1632.13: Galignani (2)
1634.60: Dolman (3)
1636.27: Dolman’s (1)
1643.34: Pauls (1)
1654.54: Dolman (3)
1655.34: Melipotamus (2)
1660.22: Jarrold (3)
1671.4:  Chollerton (2)
1671.36: Ollivier (1)
1673.57: Weymouth (2)
1676.22: Gilly (2)
1684.57: Gaultier’s (2)
1686.50: Hailes (3)
1689.44: Hailes (3)
1692.34: Jarrold (3)
1698.6:  Islington (1)
1701.19: Barling (2)
1701.28: Weymouth (2)
1714.41: Rodwell (2)
1717.33: Cremorne (2)
1719.58: Lyntot (2)
1722.50: Salop (1)
1723.4:  Houlston (3)
1728.4:  Craigh (2)
1728.11: Melrose (2)
1729.37: Chapple (2)
1731.49: Cadell (2)
1736.44: Grapel (1)
1738.49: Exeter (2)
1740.49: Holdsworth (2)
1753.0:  Rivingtons (2)
1771.25: Groombridge (3)
1775.40: Oldham (1)
1780.27: Matlock (2)
1780.47: Wakefield (1)
1786.33: Elwy (2)
1786.65: Denbigh (1)
1789.30: Maconochie (2)
1795.33: Pocock (2)
1802.4:  Esthwaite (2)
1803.11: Kendal (1)
1804.33: Edin (3)
1808.14: McGlashan (2)
1814.42: Tabart (2)
1823.29: Parke (2)
1832.26: sm (3)
1832.30: 8vo (2)
1832.35: publ (1)
1837.22: Thos (1)
1837.28: Erskine (2)
1837.37: esq (1)
1839.11: Lusk (2)
1839.16: Greenock (1)
1842.0:  Rivington (2)
1851.11: Spratt (2)
1851.18: del (1)
1851.49: Washbourne (2)
1864.26: christians (1)
1867.56: Newgate (1)
1874.68: 32o (1)
1882.21: Gleig (1)
1882.51: 4o (2)
1884.4:  Grandmamma’s (1)
1885.41: 24o (3)
1888.58: Bogue (2)
1899.30: Teape (1)
1900.26: Keene (1)
1915.19: Leslies (2)
1915.53: Phantasie’s (2)
1920.0:  Whiteside (1)
1923.33: Routledge (2)
1924.21: Warne’s (1)
1929.0:  Nisbet (3)
1931.16: Nisbet (3)
1935.43: Wertheim (3)
1939.17: Keythorpe (1)
1941.54: Allman (2)
1958.24: Rodford (1)
1960.4:  Kaisersworth (2)
1966.17: Oakey (1)
1966.54: 18o (2)
1987.4:  Lilias (1)
1988.13: Tayler (1)
1988.21: Edin (3)
1990.41: Saxe (1)
1990.46: Cobourg (1)
1991.56: Colchester (1)
1992.20: Swinborne (1)
1995.23: sunday (1)
1997.23: Lynmouth (2)
1997.42: Barnstaple (1)
1998.0:  Brightwell (1)
1999.9:  Exeter (2)
1999.17: Nettleton (1)
2002.29: Stockdale (3)
2006.25: Hardwicke (2)
2009.6:  Decr (1)
2013.56: xl (1)
2016.28: Bagster (1)
2016.37: Junr (1)
2028.25: Rundell (1)
2041.54: Sirach (1)
2042.0:  Ecclesiasticus (2)
2045.8:  Norske (2)
2046.0:  Westerton (1)
2058.44: Croker (2)
2062.29: Wertheim (3)
2076.12: Goss (2)
2087.0:  Vernor (1)
2096.35: Alemtéjo (2)
2105.5:  Ravensdale (2)
2109.36: Cawthorn (2)
2116.27: Leone (2)
2124.7:  Ebers (2)
2129.14: Jabez (2)
2130.60: Illingworth (1)
2131.16: Kirkgate (1)
2135.18: Combe (2)
2141.4:  Crewkerne (1)
2141.15: Somersetshire (1)
2141.50: Pulman (1)
2146.5:  Selina (2)
2150.40: Hurdis (2)
2153.15: Clerkenwell (1)
2162.18: Mansoul (2)
2165.0:  Bulgin (1)
2169.29: Sulger (2)
2170.6:  Dramatica (3)
2176.0:  sm (3)
2180.5:  Suspirium (1)
2180.15: sanctorum (1)
2180.34: breathings (1)
2193.7:  Wadlands (1)
2199.56: Stockdale (3)
2202.45: Chandos (1)
2203.35: Whitchurch (1)
2208.35: Rivington (2)
2221.57: Clode (1)
2222.3:  Wooton (1)
2225.6:  Davison (1)
2228.6:  Vater (2)
2228.12: Unser (2)
2242.65: 24o (3)
2245.5:  Workwoman’s (2)
2247.59: 4to (2)
2249.28: 4to (2)
2252.52: Bungay (1)
2255.56: McPhun (2)
2280.26: XIXth (2)
2292.26: Cyclopædia (2)
2332.30: Drypoints (1)
2364.1:  Aikin (2)
2366.1:  Ailzie (2)
2366.8:  Grierson (2)
2368.1:  Alemtéjo (2)
2375.1:  Allman (2)
2377.1:  Almeda (3)
2384.1:  Anacalypsis (2)
2410.1:  Audiffredi (2)
2412.1:  Auteurs (2)
2412.9:  Déguisez (1)
2414.1:  Autonymous (3)
2420.1:  Ayscough (3)
2424.1:  Baillet (2)
2438.10: Barling (2)
2448.13: Cornubiensis (3)
2450.13: geographica (2)
2452.1:  Biographia (2)
2452.12: Dramatica (3)
2456.1:  Boase (2)
2456.32: Cornubiensis (3)
2458.1:  Bogue (2)
2497.15: Jabez (2)
2499.1:  Cadell (2)
2514.1:  Cawthorn (2)
2516.10: Cyclopædia (2)
2518.1:  Chapple (2)
2536.1:  Chollerton (2)
2548.12: Cowden (2)
2554.1:  Combe (2)
2578.1:  Craigh (2)
2578.8:  Melrose (2)
2580.1:  Cremorne (2)
2586.1:  Croker (2)
2596.1:  Cuttle (1)
2606.1:  Delepierre (1)
2619.1:  Dolman (3)
2625.1:  Duniol (2)
2631.1:  Ebers (2)
2633.1:  Ecclesiasticus (2)
2635.1:  Edgeworth (2)
2637.1:  Edmonds (2)
2645.1:  Elwy (2)
2660.18: Lennie’s (1)
2666.1:  Erskine (2)
2668.1:  Esthwaite (2)
2680.1:  Flamank (2)
2686.8:  Littéraire (2)
2698.1:  Galignani (2)
2704.1:  Gaultier’s (2)
2722.1:  Gilly (2)
2728.1:  Goss (2)
2737.1:  Groombridge (3)
2739.1:  Hailes (3)
2741.1:  Halkett (2)
2757.1:  Hardwicke (2)
2779.1:  Holdsworth (2)
2783.1:  Houlston (3)
2789.1:  Hurdis (2)
2812.1:  Jal (2)
2814.1:  Jarrold (3)
2818.1:  Jewett (3)
2820.1:  Johnstone (2)
2822.1:  Kaisersworth (2)
2826.1:  Laconics (3)
2834.1:  Lennie (1)
2838.1:  Leslies (2)
2850.31: supposititious (2)
2866.1:  Lusk (2)
2868.1:  Lynmouth (2)
2870.1:  Lyntot (2)
2872.1:  Maconochie (2)
2886.1:  Matlock (2)
2890.1:  McCulloch (2)
2892.1:  McGlashan (2)
2894.1:  McPhun (2)
2896.1:  Mansoul (2)
2922.4:  Norske (2)
2926.1:  Naylor (2)
2936.21: Melipotamus (2)
2944.1:  Nisbet (3)
2970.1:  Panizzi (2)
2972.1:  Parke (2)
2980.1:  Phantasie’s (2)
2986.1:  Pocock (2)
2990.1:  Polyonymous (3)
3022.1:  Ravensdale (2)
3028.1:  Rivingtons (2)
3038.1:  Rodwell (2)
3042.1:  Routledge (2)
3044.1:  Rozelli (2)
3064.1:  Selina (2)
3070.8:  Leone (2)
3095.1:  Spratt (2)
3105.1:  Stockdale (3)
3107.1:  Sulger (2)
3109.1:  Supercheries (3)
3109.14: Littéraires (2)
3113.1:  Symonds (2)
3117.1:  Tabart (2)
3127.23: Laconics (3)
3135.1:  Timperley’s (2)
3139.1:  Truewit (3)
3145.8:  Sylvanus (2)
3148.1:  Vater (2)
3148.7:  Unser (2)
3150.27: supposititious (2)
3171.1:  Washbourne (2)
3173.1:  Wertheim (3)
3175.1:  Whately (2)
3177.1:  Wheatley (2)
3185.1:  Workwoman’s (2)
3215.21: bcause (1)
3218.21: lankey (1)
3226.40: atale (1)
3228.21: Encyclopœdia (1)
3228.34: Brittanica (2)
3229.3:  Brittanica (2)
3234.31: discriptions (1)
3236.21: Fictious (1)
3240.21: Truewitt (1)
3240.39: Truewit (3)
3245.42: eBook (1)

Check complete

